Found 23 patient records.
python : Traceback (most recent call last):
At line:1 char:1
+ python Test/stream_test_afdb.py --port COM6 --data-dir Test/AFDB_Test ...
+ ~~~~~~~~~~~~~~~~~~~~~~~~~~~~~~~~~~~~~~~~~~~~~~~~~~~~~~~~~~~~~~~~~~~~~
    + CategoryInfo          : NotSpecified: (Traceback (most recent call last)::String) [], RemoteException
    + FullyQualifiedErrorId : NativeCommandError
 
  File "E:\PROJECTS\MedTech_Device\Test\stream_test_afdb.py", line 317, in <module>
    main()
  File "E:\PROJECTS\MedTech_Device\Test\stream_test_afdb.py", line 148, in main
    ser = open_serial(args.port, args.baud, 10, port_is_esp_usb)
  File "E:\PROJECTS\MedTech_Device\Test\stream_test_afdb.py", line 46, in open_serial
    ser.open()
  File "E:\Anaconda\lib\site-packages\serial\serialwin32.py", line 64, in open
    raise SerialException("could not open port {!r}: {!r}".format(self.portstr, ctypes.WinError()))
serial.serialutil.SerialException: could not open port 'COM6': PermissionError(13, 'Access is denied.', None, 5)
